The fast path is not available because on of `(selective_state_update, causal_conv1d_fn, causal_conv1d_update)` is None. Falling back to the naive implementation. To install follow https://github.com/state-spaces/mamba/#installation and https://github.com/Dao-AILab/causal-conv1d
[calib] M=48 REPEAT1 U=  1 len=194 acc=0.938 (45/48)
[calib] M=48 REPEAT1 U=  2 len=194 acc=0.958 (46/48)
[calib] M=48 REPEAT1 U=  4 len=194 acc=0.917 (44/48)
[calib] M=48 REPEAT1 U=  8 len=194 acc=1.000 (48/48)
[calib] M=48 REPEAT1 U= 16 len=194 acc=0.938 (45/48)
[calib] M=48 REPEAT1 U= 24 len=194 acc=0.896 (43/48)
[calib] M=48 REPEAT1 U= 32 len=194 acc=0.854 (41/48)
[calib] M=48 REPEAT1 U= 48 len=194 acc=0.708 (34/48)
[calib] M=48 CYCLE4 U=  1 len=194 acc=0.979 (47/48)
[calib] M=48 CYCLE4 U=  2 len=194 acc=1.000 (48/48)
[calib] M=48 CYCLE4 U=  4 len=194 acc=0.979 (47/48)
[calib] M=48 CYCLE4 U=  8 len=194 acc=0.979 (47/48)
[calib] M=48 CYCLE4 U= 16 len=194 acc=0.958 (46/48)
[calib] M=48 CYCLE4 U= 24 len=194 acc=0.979 (47/48)
[calib] M=48 CYCLE4 U= 32 len=194 acc=0.938 (45/48)
[calib] M=48 CYCLE4 U= 48 len=194 acc=0.708 (34/48)
[calib] M=64 REPEAT1 U=  1 len=258 acc=0.917 (44/48)
[calib] M=64 REPEAT1 U=  2 len=258 acc=0.938 (45/48)
[calib] M=64 REPEAT1 U=  4 len=258 acc=0.875 (42/48)
[calib] M=64 REPEAT1 U=  8 len=258 acc=0.979 (47/48)
[calib] M=64 REPEAT1 U= 16 len=258 acc=0.938 (45/48)
[calib] M=64 REPEAT1 U= 24 len=258 acc=0.917 (44/48)
[calib] M=64 REPEAT1 U= 32 len=258 acc=0.875 (42/48)
[calib] M=64 REPEAT1 U= 48 len=258 acc=0.854 (41/48)
[calib] M=64 REPEAT1 U= 64 len=258 acc=0.646 (31/48)
[calib] M=64 CYCLE4 U=  1 len=258 acc=0.979 (47/48)
[calib] M=64 CYCLE4 U=  2 len=258 acc=1.000 (48/48)
[calib] M=64 CYCLE4 U=  4 len=258 acc=0.979 (47/48)
[calib] M=64 CYCLE4 U=  8 len=258 acc=0.979 (47/48)
[calib] M=64 CYCLE4 U= 16 len=258 acc=0.979 (47/48)
[calib] M=64 CYCLE4 U= 24 len=258 acc=0.938 (45/48)
[calib] M=64 CYCLE4 U= 32 len=258 acc=0.917 (44/48)
[calib] M=64 CYCLE4 U= 48 len=258 acc=0.938 (45/48)
[calib] M=64 CYCLE4 U= 64 len=258 acc=0.646 (31/48)
[calib] M=96 REPEAT1 U=  1 len=386 acc=0.938 (45/48)
[calib] M=96 REPEAT1 U=  2 len=386 acc=0.938 (45/48)
[calib] M=96 REPEAT1 U=  4 len=386 acc=0.896 (43/48)
[calib] M=96 REPEAT1 U=  8 len=386 acc=1.000 (48/48)
[calib] M=96 REPEAT1 U= 16 len=386 acc=0.938 (45/48)
[calib] M=96 REPEAT1 U= 24 len=386 acc=0.917 (44/48)
[calib] M=96 REPEAT1 U= 32 len=386 acc=0.875 (42/48)
[calib] M=96 REPEAT1 U= 48 len=386 acc=0.854 (41/48)
[calib] M=96 REPEAT1 U= 64 len=386 acc=0.750 (36/48)
[calib] M=96 REPEAT1 U= 96 len=386 acc=0.479 (23/48)
[calib] M=96 CYCLE4 U=  1 len=386 acc=1.000 (48/48)
[calib] M=96 CYCLE4 U=  2 len=386 acc=1.000 (48/48)
[calib] M=96 CYCLE4 U=  4 len=386 acc=0.979 (47/48)
[calib] M=96 CYCLE4 U=  8 len=386 acc=0.938 (45/48)
[calib] M=96 CYCLE4 U= 16 len=386 acc=0.938 (45/48)
[calib] M=96 CYCLE4 U= 24 len=386 acc=0.917 (44/48)
[calib] M=96 CYCLE4 U= 32 len=386 acc=0.917 (44/48)
[calib] M=96 CYCLE4 U= 48 len=386 acc=0.896 (43/48)
[calib] M=96 CYCLE4 U= 64 len=386 acc=0.875 (42/48)
[calib] M=96 CYCLE4 U= 96 len=386 acc=0.479 (23/48)
[calib] M=128 REPEAT1 U=  1 len=514 acc=0.938 (45/48)
[calib] M=128 REPEAT1 U=  2 len=514 acc=0.917 (44/48)
[calib] M=128 REPEAT1 U=  4 len=514 acc=0.917 (44/48)
[calib] M=128 REPEAT1 U=  8 len=514 acc=0.979 (47/48)
[calib] M=128 REPEAT1 U= 16 len=514 acc=0.917 (44/48)
[calib] M=128 REPEAT1 U= 24 len=514 acc=0.938 (45/48)
[calib] M=128 REPEAT1 U= 32 len=514 acc=0.875 (42/48)
[calib] M=128 REPEAT1 U= 48 len=514 acc=0.833 (40/48)
[calib] M=128 REPEAT1 U= 64 len=514 acc=0.792 (38/48)
[calib] M=128 REPEAT1 U= 96 len=514 acc=0.688 (33/48)
[calib] M=128 REPEAT1 U=128 len=514 acc=0.438 (21/48)
[calib] M=128 CYCLE4 U=  1 len=514 acc=1.000 (48/48)
[calib] M=128 CYCLE4 U=  2 len=514 acc=1.000 (48/48)
[calib] M=128 CYCLE4 U=  4 len=514 acc=0.979 (47/48)
[calib] M=128 CYCLE4 U=  8 len=514 acc=0.958 (46/48)
[calib] M=128 CYCLE4 U= 16 len=514 acc=0.917 (44/48)
[calib] M=128 CYCLE4 U= 24 len=514 acc=0.896 (43/48)
[calib] M=128 CYCLE4 U= 32 len=514 acc=0.896 (43/48)
[calib] M=128 CYCLE4 U= 48 len=514 acc=0.875 (42/48)
[calib] M=128 CYCLE4 U= 64 len=514 acc=0.833 (40/48)
[calib] M=128 CYCLE4 U= 96 len=514 acc=0.812 (39/48)
[calib] M=128 CYCLE4 U=128 len=514 acc=0.438 (21/48)

== feasibility summary ==
  M48_REPEAT1: low=0.938 high=0.708 interior=1 feasible=False
  M48_CYCLE4: low=0.979 high=0.708 interior=1 feasible=False
  M64_REPEAT1: low=0.917 high=0.646 interior=1 feasible=False
  M64_CYCLE4: low=0.979 high=0.646 interior=1 feasible=False
  M96_REPEAT1: low=0.938 high=0.479 interior=1 feasible=False
  M96_CYCLE4: low=1.000 high=0.479 interior=1 feasible=False
  M128_REPEAT1: low=0.938 high=0.438 interior=2 feasible=True
  M128_CYCLE4: low=1.000 high=0.438 interior=1 feasible=False
b2CalibrationSetSha256=727c53678f8393882a743a49f3919bcd734c97d6a891590110e0ad4d7d09a2b2
