The fast path is not available because on of `(selective_state_update, causal_conv1d_fn, causal_conv1d_update)` is None. Falling back to the naive implementation. To install follow https://github.com/state-spaces/mamba/#installation and https://github.com/Dao-AILab/causal-conv1d
[06B2] U=  1 DS len=514 con=0.958 unc=0.682 fmt=0.698 (111.89s)
[06B2] U=  1 SS len=514 con=0.958 unc=0.682 fmt=0.698 (112.4s)
[06B2] U= 24 DS len=514 con=0.953 unc=0.708 fmt=0.745 (111.9s)
[06B2] U= 24 SS len=514 con=0.922 unc=0.698 fmt=0.740 (111.47s)
[06B2] U= 48 DS len=514 con=0.906 unc=0.557 fmt=0.604 (110.91s)
[06B2] U= 48 SS len=514 con=0.870 unc=0.604 fmt=0.646 (111.25s)
[06B2] U= 64 DS len=514 con=0.859 unc=0.458 fmt=0.510 (111.85s)
[06B2] U= 64 SS len=514 con=0.828 unc=0.516 fmt=0.573 (111.63s)
[06B2] U= 80 DS len=514 con=0.812 unc=0.396 fmt=0.432 (111.04s)
[06B2] U= 80 SS len=514 con=0.797 unc=0.484 fmt=0.536 (111.23s)
[06B2] U= 96 DS len=514 con=0.771 unc=0.281 fmt=0.302 (111.82s)
[06B2] U= 96 SS len=514 con=0.755 unc=0.411 fmt=0.443 (111.83s)
[06B2] U=112 DS len=514 con=0.714 unc=0.266 fmt=0.281 (111.24s)
[06B2] U=112 SS len=514 con=0.703 unc=0.344 fmt=0.375 (110.94s)
[06B2] U=128 DS len=514 con=0.432 unc=0.068 fmt=0.078 (111.83s)
[06B2] U=128 SS len=514 con=0.411 unc=0.078 fmt=0.109 (111.65s)
[06B2-diag] M=32 len=130 U=2 con=0.948
[06B2-diag] M=64 len=258 U=2 con=0.943
[06B2-diag] M=96 len=386 U=2 con=0.932
[06B2-diag] M=128 len=514 U=2 con=0.938

== DS vs SS constrained ==
  U=  1  DS=0.958  SS=0.958  (DS-SS=+0.000)
  U= 24  DS=0.953  SS=0.922  (DS-SS=+0.031)
  U= 48  DS=0.906  SS=0.870  (DS-SS=+0.036)
  U= 64  DS=0.859  SS=0.828  (DS-SS=+0.031)
  U= 80  DS=0.812  SS=0.797  (DS-SS=+0.016)
  U= 96  DS=0.771  SS=0.755  (DS-SS=+0.016)
  U=112  DS=0.714  SS=0.703  (DS-SS=+0.010)
  U=128  DS=0.432  SS=0.411  (DS-SS=+0.021)

competent=True min=0.432@128 mid=[112] monotone=True delta_aurc=0.164 robust=1/3 length_fixed=True
reasons=['IMMEDIATE_CLIFF', 'NOT_ROBUST_ACROSS_STRATA']

FIXED_LENGTH_STATE_LOAD_REGION = BLOCKED
06C doses: LOW U=80(0.81) MID U=112(0.71) HIGH U=128(0.43)
runtime=2069.1s peak_vram=9.777GB
