[bridge-long] eligible=90
[bridge-long 8K] 20/90 elapsed=27.0s
[bridge-long 8K] 40/90 elapsed=42.3s
[bridge-long 8K] 60/90 elapsed=62.9s
[bridge-long 8K] 80/90 elapsed=78.4s
[bridge-long 8K] long_acc=0.256 degr=0.744 (CI_lo 0.656) forgotten=67 qualifies=True
[bridge-long 16K] 20/90 elapsed=111.0s
[bridge-long 16K] 40/90 elapsed=134.9s
[bridge-long 16K] 60/90 elapsed=162.1s
[bridge-long 16K] 80/90 elapsed=184.4s
[bridge-long 16K] long_acc=0.256 degr=0.744 (CI_lo 0.656) forgotten=67 qualifies=True
[bridge-long 32K] 20/90 elapsed=236.8s
[bridge-long 32K] 40/90 elapsed=274.3s
[bridge-long 32K] 60/90 elapsed=315.5s
[bridge-long 32K] 80/90 elapsed=353.8s
[bridge-long 32K] long_acc=0.222 degr=0.778 (CI_lo 0.689) forgotten=70 qualifies=True
[bridge-recovery 32K] 10/48 elapsed=440.9s
[bridge-recovery 32K] 20/48 elapsed=506.6s
[bridge-recovery 32K] 30/48 elapsed=572.1s
[bridge-recovery 32K] 40/48 elapsed=633.9s
== RNN-07A-BRIDGE LONG ==
BRIDGE_LONG_CONTEXT_DEGRADATION = QUALIFIED (recovery cell: 32K)
BRIDGE_HISTORICAL_RECOVERY_SIGNAL = NO_SIGNAL
BRIDGE_ADAPTIVE_SELECTION_SIGNAL  = NO_SIGNAL
EXIT=0
