[C1] calibration on grid D=[24, 40, 56, 72] (steps=2500) dev=cuda
    step    0/2500 loss 5.4424
    step  200/2500 loss 4.1681
    step  400/2500 loss 4.1385
    step  600/2500 loss 3.5056
    step  800/2500 loss 0.6484
    step 1000/2500 loss 0.2120
    step 1200/2500 loss 0.1213
    step 1400/2500 loss 0.0774
    step 1600/2500 loss 0.0506
    step 1800/2500 loss 0.0431
    step 2000/2500 loss 0.0478
    step 2200/2500 loss 0.0415
    step 2400/2500 loss 0.0449
    step 2499/2500 loss 0.0384
  D= 24 base_acc=0.9172 (13.3s)
    step    0/2500 loss 5.4298
    step  200/2500 loss 4.1606
    step  400/2500 loss 4.0944
    step  600/2500 loss 2.7493
    step  800/2500 loss 0.7941
    step 1000/2500 loss 0.5145
    step 1200/2500 loss 0.2994
    step 1400/2500 loss 0.2504
    step 1600/2500 loss 0.1930
    step 1800/2500 loss 0.1822
    step 2000/2500 loss 0.1454
    step 2200/2500 loss 0.1432
    step 2400/2500 loss 0.1348
    step 2499/2500 loss 0.1398
  D= 40 base_acc=0.8262 (12.5s)
    step    0/2500 loss 5.4333
    step  200/2500 loss 4.1570
    step  400/2500 loss 4.0996
    step  600/2500 loss 3.1496
    step  800/2500 loss 1.2826
    step 1000/2500 loss 0.7342
    step 1200/2500 loss 0.5887
    step 1400/2500 loss 0.4839
    step 1600/2500 loss 0.4208
    step 1800/2500 loss 0.4040
    step 2000/2500 loss 0.3408
    step 2200/2500 loss 0.3702
    step 2400/2500 loss 0.3823
    step 2499/2500 loss 0.3820
  D= 56 base_acc=0.7458 (12.4s)
    step    0/2500 loss 5.4424
    step  200/2500 loss 4.1481
    step  400/2500 loss 4.0465
    step  600/2500 loss 3.0427
    step  800/2500 loss 1.5986
    step 1000/2500 loss 1.0516
    step 1200/2500 loss 0.8574
    step 1400/2500 loss 0.7513
    step 1600/2500 loss 0.7146
    step 1800/2500 loss 0.6033
    step 2000/2500 loss 0.6199
    step 2200/2500 loss 0.6484
    step 2400/2500 loss 0.5706
    step 2499/2500 loss 0.5332
  D= 72 base_acc=0.6648 (12.1s)
[C1] MEMORY_AXIS=QUALIFIED MC_TASK D=72 base_acc=0.6648
[C2] main comparison D=72 seg=32 N=8 (steps=5000)
    step    0/5000 loss 5.4344
    step  200/5000 loss 4.1490
    step  400/5000 loss 4.0546
    step  600/5000 loss 2.4293
    step  800/5000 loss 1.1392
    step 1000/5000 loss 0.7870
    step 1200/5000 loss 0.6410
    step 1400/5000 loss 0.5755
    step 1600/5000 loss 0.4600
    step 1800/5000 loss 0.4455
    step 2000/5000 loss 0.3881
    step 2200/5000 loss 0.3718
    step 2400/5000 loss 0.3203
    step 2600/5000 loss 0.3123
    step 2800/5000 loss 0.2556
    step 3000/5000 loss 0.2765
    step 3200/5000 loss 0.2727
    step 3400/5000 loss 0.2687
    step 3600/5000 loss 0.2320
    step 3800/5000 loss 0.2360
    step 4000/5000 loss 0.2568
    step 4200/5000 loss 0.2241
    step 4400/5000 loss 0.2084
    step 4600/5000 loss 0.2205
    step 4800/5000 loss 0.2280
    step 4999/5000 loss 0.2425
    step    0/5000 loss 5.4244
    step  200/5000 loss 4.1540
    step  400/5000 loss 4.1356
    step  600/5000 loss 3.8379
    step  800/5000 loss 1.5049
    step 1000/5000 loss 0.6293
    step 1200/5000 loss 0.5130
    step 1400/5000 loss 0.3327
    step 1600/5000 loss 0.2493
    step 1800/5000 loss 0.1438
    step 2000/5000 loss 0.1567
    step 2200/5000 loss 0.1152
    step 2400/5000 loss 0.0691
    step 2600/5000 loss 0.0564
    step 2800/5000 loss 0.0420
    step 3000/5000 loss 0.0409
    step 3200/5000 loss 0.0367
    step 3400/5000 loss 0.0273
    step 3600/5000 loss 0.0247
    step 3800/5000 loss 0.0243
    step 4000/5000 loss 0.0222
    step 4200/5000 loss 0.0184
    step 4400/5000 loss 0.0201
    step 4600/5000 loss 0.0202
    step 4800/5000 loss 0.0180
    step 4999/5000 loss 0.0212
    step    0/5000 loss 5.4352
    step  200/5000 loss 4.1495
    step  400/5000 loss 1.9818
    step  600/5000 loss 0.0512
    step  800/5000 loss 0.0126
    step 1000/5000 loss 0.0069
    step 1200/5000 loss 0.0046
    step 1400/5000 loss 0.0028
    step 1600/5000 loss 0.0022
    step 1800/5000 loss 0.0017
    step 2000/5000 loss 0.0015
    step 2200/5000 loss 0.0012
    step 2400/5000 loss 0.0011
    step 2600/5000 loss 0.0009
    step 2800/5000 loss 0.0008
    step 3000/5000 loss 0.0008
    step 3200/5000 loss 0.0008
    step 3400/5000 loss 0.0007
    step 3600/5000 loss 0.0007
    step 3800/5000 loss 0.0005
    step 4000/5000 loss 0.0005
    step 4200/5000 loss 0.0005
    step 4400/5000 loss 0.0005
    step 4600/5000 loss 0.0005
    step 4800/5000 loss 0.0005
    step 4999/5000 loss 0.0005
[C2] GATE B-A=0.1145 signal=True
[C2] gate PASSED -> SSC (learned Top-k) + random control (arm D)
    step    0/5000 loss 5.4237
    step  200/5000 loss 4.1515
    step  400/5000 loss 4.1452
    step  600/5000 loss 4.0493
    step  800/5000 loss 3.9575
    step 1000/5000 loss 3.7972
    step 1200/5000 loss 3.0836
    step 1400/5000 loss 2.1458
    step 1600/5000 loss 1.9093
    step 1800/5000 loss 1.6426
    step 2000/5000 loss 1.5392
    step 2200/5000 loss 1.5365
    step 2400/5000 loss 1.3124
    step 2600/5000 loss 1.2216
    step 2800/5000 loss 1.3120
    step 3000/5000 loss 1.3858
    step 3200/5000 loss 1.5285
    step 3400/5000 loss 1.2976
    step 3600/5000 loss 1.1519
    step 3800/5000 loss 1.2471
    step 4000/5000 loss 1.2126
    step 4200/5000 loss 1.3049
    step 4400/5000 loss 1.2096
    step 4600/5000 loss 1.1063
    step 4800/5000 loss 1.2175
    step 4999/5000 loss 1.2405
[C3] memory sweep N in [1,2,4,8,16] (steps=3000)
    step    0/3000 loss 5.4344
    step  200/3000 loss 4.1490
    step  400/3000 loss 4.0577
    step  600/3000 loss 2.5722
    step  800/3000 loss 1.2201
    step 1000/3000 loss 0.8519
    step 1200/3000 loss 0.7074
    step 1400/3000 loss 0.6467
    step 1600/3000 loss 0.5311
    step 1800/3000 loss 0.5205
    step 2000/3000 loss 0.4894
    step 2200/3000 loss 0.4957
    step 2400/3000 loss 0.4685
    step 2600/3000 loss 0.4403
    step 2800/3000 loss 0.4291
    step 2999/3000 loss 0.4947
  N= 1 seg=256 acc=0.6838 cache_bytes=0 infer_ms=1.13
    step    0/3000 loss 5.4303
    step  200/3000 loss 4.1475
    step  400/3000 loss 4.0813
    step  600/3000 loss 2.7785
    step  800/3000 loss 1.3634
    step 1000/3000 loss 0.9460
    step 1200/3000 loss 0.7112
    step 1400/3000 loss 0.6999
    step 1600/3000 loss 0.5105
    step 1800/3000 loss 0.4888
    step 2000/3000 loss 0.4401
    step 2200/3000 loss 0.4384
    step 2400/3000 loss 0.3490
    step 2600/3000 loss 0.3889
    step 2800/3000 loss 0.4188
    step 2999/3000 loss 0.4134
  N= 2 seg=128 acc=0.7036 cache_bytes=4608 infer_ms=1.29
    step    0/3000 loss 5.4266
    step  200/3000 loss 4.1523
    step  400/3000 loss 4.1120
    step  600/3000 loss 3.2454
    step  800/3000 loss 1.5304
    step 1000/3000 loss 0.9246
    step 1200/3000 loss 0.6929
    step 1400/3000 loss 0.5463
    step 1600/3000 loss 0.4612
    step 1800/3000 loss 0.3487
    step 2000/3000 loss 0.3527
    step 2200/3000 loss 0.3350
    step 2400/3000 loss 0.2831
    step 2600/3000 loss 0.3116
    step 2800/3000 loss 0.3543
    step 2999/3000 loss 0.3061
  N= 4 seg=64 acc=0.7439 cache_bytes=9216 infer_ms=1.55
    step    0/3000 loss 5.4244
    step  200/3000 loss 4.1540
    step  400/3000 loss 4.1368
    step  600/3000 loss 3.8865
    step  800/3000 loss 1.7594
    step 1000/3000 loss 0.7379
    step 1200/3000 loss 0.6086
    step 1400/3000 loss 0.4256
    step 1600/3000 loss 0.3691
    step 1800/3000 loss 0.2548
    step 2000/3000 loss 0.2962
    step 2200/3000 loss 0.2676
    step 2400/3000 loss 0.2019
    step 2600/3000 loss 0.2030
    step 2800/3000 loss 0.2038
    step 2999/3000 loss 0.1790
  N= 8 seg=32 acc=0.7859 cache_bytes=18432 infer_ms=2.68
    step    0/3000 loss 5.4234
    step  200/3000 loss 4.1534
    step  400/3000 loss 4.1448
    step  600/3000 loss 4.0326
    step  800/3000 loss 2.3109
    step 1000/3000 loss 0.6180
    step 1200/3000 loss 0.3264
    step 1400/3000 loss 0.2317
    step 1600/3000 loss 0.1792
    step 1800/3000 loss 0.1104
    step 2000/3000 loss 0.1258
    step 2200/3000 loss 0.1037
    step 2400/3000 loss 0.0753
    step 2600/3000 loss 0.0860
    step 2800/3000 loss 0.0678
    step 2999/3000 loss 0.0800
  N=16 seg=16 acc=0.8684 cache_bytes=36864 infer_ms=5.9
  L=256 base=0.6877 grm=0.792
  L=384 base=0.6477 grm=0.8037
  L=512 base=0.6001 grm=0.739
[C4] replication on fresh seeds (new spec name -> new examples)
[C4] replication base=0.6919 grm=0.8186 delta=0.1267
[DONE]
