Traceback (most recent call last):
  File "C:\projects\tare.tools.local-labs\tools\research\run_gdn02_learned_state_r2.py", line 250, in <module>
    raise SystemExit(main())
                     ^^^^^^
  File "C:\projects\tare.tools.local-labs\tools\research\run_gdn02_learned_state_r2.py", line 235, in main
    receipt, metrics = execute(args.outdir.resolve())
                       ^^^^^^^^^^^^^^^^^^^^^^^^^^^^^^
  File "C:\projects\tare.tools.local-labs\tools\research\run_gdn02_learned_state_r2.py", line 103, in execute
    raise RuntimeError(f"worker failed {completed.returncode}: {completed.stderr[-4000:]}")
RuntimeError: worker failed 1: e at 'https://huggingface.co/docs/transformers/installation#offline-mode'.

During handling of the above exception, another exception occurred:

Traceback (most recent call last):
  File "/home/augus/.venvs/adapt00-20260824/lib/python3.11/site-packages/transformers/utils/hub.py", line 438, in cached_files
    hf_hub_download(
  File "/home/augus/.venvs/adapt00-20260824/lib/python3.11/site-packages/huggingface_hub/utils/_validators.py", line 88, in _inner_fn
    return fn(*args, **kwargs)
           ^^^^^^^^^^^^^^^^^^^
  File "/home/augus/.venvs/adapt00-20260824/lib/python3.11/site-packages/huggingface_hub/file_download.py", line 1019, in hf_hub_download
    return _hf_hub_download_to_cache_dir(
           ^^^^^^^^^^^^^^^^^^^^^^^^^^^^^^
  File "/home/augus/.venvs/adapt00-20260824/lib/python3.11/site-packages/huggingface_hub/file_download.py", line 1166, in _hf_hub_download_to_cache_dir
    _raise_on_head_call_error(head_call_error, force_download, local_files_only)
  File "/home/augus/.venvs/adapt00-20260824/lib/python3.11/site-packages/huggingface_hub/file_download.py", line 1896, in _raise_on_head_call_error
    raise LocalEntryNotFoundError(
huggingface_hub.errors.LocalEntryNotFoundError: Cannot find the requested files in the disk cache and outgoing traffic has been disabled. To enable hf.co look-ups and downloads online, set 'local_files_only' to False.

The above exception was the direct cause of the following exception:

Traceback (most recent call last):
  File "/mnt/c/projects/tare.tools.local-labs/tools/research/gdn02_learned_state_worker_r2.py", line 183, in <module>
    raise SystemExit(main())
                     ^^^^^^
  File "/mnt/c/projects/tare.tools.local-labs/tools/research/gdn02_learned_state_worker_r2.py", line 174, in main
    result = run(args)
             ^^^^^^^^^
  File "/mnt/c/projects/tare.tools.local-labs/tools/research/gdn02_learned_state_worker_r2.py", line 27, in run
    tokenizer = AutoTokenizer.from_pretrained(str(args.model), local_files_only=True)
                ^^^^^^^^^^^^^^^^^^^^^^^^^^^^^^^^^^^^^^^^^^^^^^^^^^^^^^^^^^^^^^^^^^^^^
  File "/home/augus/.venvs/adapt00-20260824/lib/python3.11/site-packages/transformers/models/auto/tokenization_auto.py", line 772, in from_pretrained
    config = PreTrainedConfig.from_pretrained(pretrained_model_name_or_path, **kwargs)
             ^^^^^^^^^^^^^^^^^^^^^^^^^^^^^^^^^^^^^^^^^^^^^^^^^^^^^^^^^^^^^^^^^^^^^^^^^
  File "/home/augus/.venvs/adapt00-20260824/lib/python3.11/site-packages/transformers/configuration_utils.py", line 704, in from_pretrained
    config_dict, kwargs = cls.get_config_dict(pretrained_model_name_or_path, **kwargs)
                          ^^^^^^^^^^^^^^^^^^^^^^^^^^^^^^^^^^^^^^^^^^^^^^^^^^^^^^^^^^^^
  File "/home/augus/.venvs/adapt00-20260824/lib/python3.11/site-packages/transformers/configuration_utils.py", line 745, in get_config_dict
    config_dict, kwargs = cls._get_config_dict(pretrained_model_name_or_path, **kwargs)
                          ^^^^^^^^^^^^^^^^^^^^^^^^^^^^^^^^^^^^^^^^^^^^^^^^^^^^^^^^^^^^^
  File "/home/augus/.venvs/adapt00-20260824/lib/python3.11/site-packages/transformers/configuration_utils.py", line 800, in _get_config_dict
    resolved_config_file = cached_file(
                           ^^^^^^^^^^^^
  File "/home/augus/.venvs/adapt00-20260824/lib/python3.11/site-packages/transformers/utils/hub.py", line 294, in cached_file
    file = cached_files(path_or_repo_id=path_or_repo_id, filenames=[filename], **kwargs)
           ^^^^^^^^^^^^^^^^^^^^^^^^^^^^^^^^^^^^^^^^^^^^^^^^^^^^^^^^^^^^^^^^^^^^^^^^^^^^^
  File "/home/augus/.venvs/adapt00-20260824/lib/python3.11/site-packages/transformers/utils/hub.py", line 521, in cached_files
    raise OSError(
OSError: We couldn't connect to 'https://huggingface.co' to load the files, and couldn't find them in the cached files.
Check your internet connection or see how to run the library in offline mode at 'https://huggingface.co/docs/transformers/installation#offline-mode'.

