### PHASE 1: T1 (class) mtp accept-curve, 5 depths

=== moe/class/8k/mtp (ctx=8192 kv=q8_0) ===
   -> tps=151.3 ±1.3 (n=3)  prompt_n=6316  accept=0.9916897506925207

=== moe/class/32k/mtp (ctx=32768 kv=q4_0) ===
   -> tps=142.2 ±1.3 (n=3)  prompt_n=29316  accept=0.9916897506925207

=== moe/class/64k/mtp (ctx=65536 kv=q4_0) ===
   -> tps=132.4 ±1.4 (n=3)  prompt_n=60906  accept=0.9916897506925207

=== moe/class/96k/mtp (ctx=98304 kv=q4_0) ===
   -> tps=121.9 ±1.8 (n=3)  prompt_n=92756  accept=0.9916897506925207

=== moe/class/128k/mtp (ctx=131072 kv=q4_0) ===
   -> tps=115.1 ±0.1 (n=3)  prompt_n=122016  accept=0.9916897506925207


===== A1 SUMMARY (task=class): edge & accept vs depth =====
model  depth   prompt_n     nospec          mtp    edge%   accept
moe    8k          6316          -    151.3±1.3        -    0.992
moe    32k        29316          -    142.2±1.3        -    0.992
moe    64k        60906          -    132.4±1.4        -    0.992
moe    96k        92756          -    121.9±1.8        -    0.992
moe    128k      122016          -    115.1±0.1        -    0.992
### PHASE 2: T2 (reason) nospec+mtp, 3 depths

=== moe/reason/8k/nospec (ctx=8192 kv=q8_0) ===
   -> tps=87.4 ±0.8 (n=3)  prompt_n=6296  accept=-

=== moe/reason/8k/mtp (ctx=8192 kv=q8_0) ===
   -> tps=97.7 ±0.8 (n=3)  prompt_n=6296  accept=0.5123239436619719

=== moe/reason/64k/nospec (ctx=65536 kv=q4_0) ===
   -> tps=64.1 ±1.4 (n=3)  prompt_n=60886  accept=-

=== moe/reason/64k/mtp (ctx=65536 kv=q4_0) ===
   -> tps=72.5 ±0.2 (n=3)  prompt_n=60886  accept=0.5268595041322314

=== moe/reason/128k/nospec (ctx=131072 kv=q4_0) ===
   -> tps=49.0 ±0.4 (n=3)  prompt_n=121996  accept=-

=== moe/reason/128k/mtp (ctx=131072 kv=q4_0) ===
   -> tps=69.2 ±0.2 (n=3)  prompt_n=121996  accept=0.4810344827586207


===== A1 SUMMARY (task=reason): edge & accept vs depth =====
model  depth   prompt_n     nospec          mtp    edge%   accept
moe    8k          6296       87.4     97.7±0.8    +11.8    0.512
moe    64k        60886       64.1     72.5±0.2    +13.1    0.527
moe    128k      121996       49.0     69.2±0.2    +41.4    0.481
ALL_DONE rc=0
